root - INFO - Data loaded successfully
root - INFO - Data split successfully
root - INFO - Data processed successfully
root - INFO - Data processed successfully
root - INFO - Model trained successfully
